  0 1 2 3 4 5 6 7 8 9
0 . M . S . . . . . . 0 - 0 -> 0
1 . . A . . M S M S . 1 - 1 -> 1
2 . M . S . M A A . . 2 - 2 -> 3
3 . . A . A S M S M . 3 - 2 -> 5
4 . M . S . M . . . . 4 - 0 -> 5
5 . . . . . . . . . . 5 - 0 -> 5
6 S . S . S . S . S . 6 - 0 -> 5
7 . A . A . A . A . . 7 - 4 -> 9
8 M . M . M . M . M . 8 - 0 -> 9
9 . . . . . . . . . . 9 - 0 -> 9
  0 1 2 3 4 5 6 7 8 9